// Jest Snapshot v1, https://goo.gl/fbAQLP

exports[`smoke 1`] = `
<button
  onClick={[Function]}
  type="button"
>
  count is: 
  0
</button>
`;
